Successfully scheduled one-shot timer.
Expected to fire at: 2026-08-23T02:42:31-05:00
Prompt: Image quota has reset. Regenerate the 3 missing/broken fruit sprites for the Arcade for All project:
1. fruit_watermelon.jpg — whole round uncut watermelon (green striped sphere, black background)
2. fruit_kiwi.jpg — whole uncut kiwi fruit (fuzzy brown oval, black background)  
3. fruit_peach.jpg — whole uncut peach (pink-orange fuzzy skin, black background)
Also generate 8 sliced-face variants (showing juicy inside after blade hits):
4. fruit_watermelon_slice.jpg — watermelon cross-section (red flesh, black seeds, green rind edge)
5. fruit_strawberry_slice.jpg — strawberry cut in half showing red interior
6. fruit_orange_slice.jpg — orange cross-section showing segments
7. fruit_pineapple_slice.jpg — pineapple cross-section showing yellow flesh
8. fruit_mango_slice.jpg — mango cut open showing golden flesh
9. fruit_kiwi_slice.jpg — kiwi cross-section (bright green, black seeds)
10. fruit_cherry_slice.jpg — cherry cut in half showing red interior
11. fruit_peach_slice.jpg — peach cut open showing yellow-orange flesh and pit

All assets: cartoon-realistic style, vibrant colors, pure black background, isolated, kids game, no text.
Save all to /Users/jerold/dev/Bricks/assets/ and update the fruit_ninja game.py to use slice variants for FruitHalf drawing.
Early Termination: never

[2026-08-22T21:53:31-05:00] Still waiting. Remaining time: 4h49m0s
[2026-08-22T21:54:31-05:00] Still waiting. Remaining time: 4h48m0s
[2026-08-22T21:55:31-05:00] Still waiting. Remaining time: 4h47m0s
[2026-08-22T21:56:31-05:00] Still waiting. Remaining time: 4h46m0s
[2026-08-22T21:57:31-05:00] Still waiting. Remaining time: 4h45m0s
[2026-08-22T21:58:31-05:00] Still waiting. Remaining time: 4h44m0s
[2026-08-22T21:59:31-05:00] Still waiting. Remaining time: 4h43m0s
[2026-08-22T22:00:31-05:00] Still waiting. Remaining time: 4h42m0s
[2026-08-22T22:01:31-05:00] Still waiting. Remaining time: 4h41m0s
[2026-08-22T22:02:31-05:00] Still waiting. Remaining time: 4h40m0s
[2026-08-22T22:03:31-05:00] Still waiting. Remaining time: 4h39m0s
[2026-08-22T22:04:31-05:00] Still waiting. Remaining time: 4h38m0s
[2026-08-22T22:05:31-05:00] Still waiting. Remaining time: 4h37m0s
[2026-08-22T22:06:31-05:00] Still waiting. Remaining time: 4h36m0s
[2026-08-22T22:07:31-05:00] Still waiting. Remaining time: 4h35m0s
[2026-08-22T22:08:31-05:00] Still waiting. Remaining time: 4h34m0s
[2026-08-22T22:09:31-05:00] Still waiting. Remaining time: 4h33m0s
[2026-08-22T22:10:32-05:00] Still waiting. Remaining time: 4h32m0s
[2026-08-22T22:43:04-05:00] Still waiting. Remaining time: 4h31m0s
[2026-08-22T23:00:19-05:00] Still waiting. Remaining time: 4h30m0s
[2026-08-22T23:01:19-05:00] Still waiting. Remaining time: 4h29m0s
[2026-08-22T23:02:19-05:00] Still waiting. Remaining time: 4h28m0s
[2026-08-22T23:03:19-05:00] Still waiting. Remaining time: 4h27m0s
[2026-08-22T23:04:19-05:00] Still waiting. Remaining time: 4h26m0s
[2026-08-22T23:05:19-05:00] Still waiting. Remaining time: 4h25m0s
[2026-08-22T23:06:19-05:00] Still waiting. Remaining time: 4h24m0s
[2026-08-22T23:22:58-05:00] Still waiting. Remaining time: 4h23m0s
[2026-08-22T23:23:58-05:00] Still waiting. Remaining time: 4h22m0s
[2026-08-22T23:24:58-05:00] Still waiting. Remaining time: 4h21m0s
[2026-08-22T23:25:58-05:00] Still waiting. Remaining time: 4h20m0s
[2026-08-22T23:26:58-05:00] Still waiting. Remaining time: 4h19m0s
[2026-08-22T23:43:22-05:00] Still waiting. Remaining time: 4h18m0s
[2026-08-23T00:00:39-05:00] Still waiting. Remaining time: 4h17m0s
[2026-08-23T00:01:39-05:00] Still waiting. Remaining time: 4h16m0s
[2026-08-23T00:10:09-05:00] Still waiting. Remaining time: 4h15m0s
[2026-08-23T00:19:57-05:00] Still waiting. Remaining time: 4h14m0s
[2026-08-23T00:37:13-05:00] Still waiting. Remaining time: 4h13m0s
[2026-08-23T00:42:25-05:00] Still waiting. Remaining time: 4h12m0s
[2026-08-23T00:56:40-05:00] Still waiting. Remaining time: 4h11m0s
[2026-08-23T01:11:51-05:00] Still waiting. Remaining time: 4h10m0s
[2026-08-23T01:28:48-05:00] Still waiting. Remaining time: 4h9m0s
[2026-08-23T01:32:40-05:00] Still waiting. Remaining time: 4h8m0s
[2026-08-23T01:33:40-05:00] Still waiting. Remaining time: 4h7m0s
[2026-08-23T01:34:40-05:00] Still waiting. Remaining time: 4h6m0s
[2026-08-23T01:35:40-05:00] Still waiting. Remaining time: 4h5m0s
[2026-08-23T01:36:40-05:00] Still waiting. Remaining time: 4h4m0s
[2026-08-23T01:37:40-05:00] Still waiting. Remaining time: 4h3m0s
[2026-08-23T01:38:40-05:00] Still waiting. Remaining time: 4h2m0s
[2026-08-23T01:39:40-05:00] Still waiting. Remaining time: 4h1m0s
[2026-08-23T01:40:40-05:00] Still waiting. Remaining time: 4h0m0s
[2026-08-23T01:41:40-05:00] Still waiting. Remaining time: 3h59m0s
[2026-08-23T01:42:40-05:00] Still waiting. Remaining time: 3h58m0s
[2026-08-23T01:43:40-05:00] Still waiting. Remaining time: 3h57m0s
[2026-08-23T01:44:40-05:00] Still waiting. Remaining time: 3h56m0s
[2026-08-23T01:45:40-05:00] Still waiting. Remaining time: 3h55m0s
[2026-08-23T01:46:40-05:00] Still waiting. Remaining time: 3h54m0s
[2026-08-23T01:47:40-05:00] Still waiting. Remaining time: 3h53m0s
[2026-08-23T01:48:40-05:00] Still waiting. Remaining time: 3h52m0s
[2026-08-23T01:49:40-05:00] Still waiting. Remaining time: 3h51m0s
[2026-08-23T01:50:40-05:00] Still waiting. Remaining time: 3h50m0s
[2026-08-23T01:51:40-05:00] Still waiting. Remaining time: 3h49m0s
[2026-08-23T01:52:40-05:00] Still waiting. Remaining time: 3h48m0s
[2026-08-23T01:53:40-05:00] Still waiting. Remaining time: 3h47m0s
[2026-08-23T01:54:40-05:00] Still waiting. Remaining time: 3h46m0s
