find: ./shared: Operation not permitted
./.venv/lib/python3.9/site-packages/pygame/tests/fixtures/fonts/A_PyGameMono-8.png
./.venv/lib/python3.9/site-packages/pygame/tests/fixtures/fonts/u13079_PyGameMono-8.png
./.venv/lib/python3.9/site-packages/pygame/docs/generated/_static/plus.png
./.venv/lib/python3.9/site-packages/pygame/docs/generated/_static/file.png
./.venv/lib/python3.9/site-packages/pygame/docs/generated/_static/minus.png
./.venv/lib/python3.9/site-packages/pygame/docs/generated/_images/joystick_calls.png
./.venv/lib/python3.9/site-packages/pygame/docs/generated/_images/camera_rgb.jpg
./.venv/lib/python3.9/site-packages/pygame/docs/generated/_images/intro_freedom.jpg
./.venv/lib/python3.9/site-packages/pygame/docs/generated/_images/camera_mask.jpg
./.venv/lib/python3.9/site-packages/pygame/docs/generated/_images/camera_thresh.jpg
./.venv/lib/python3.9/site-packages/pygame/docs/generated/_images/project_clamp.png
./.venv/lib/python3.9/site-packages/pygame/docs/generated/_images/camera_background.jpg
./.venv/lib/python3.9/site-packages/pygame/docs/generated/_images/camera_hsv.jpg
./.venv/lib/python3.9/site-packages/pygame/docs/generated/_images/angle_to.png
./.venv/lib/python3.9/site-packages/pygame/docs/generated/_images/project.png
./.venv/lib/python3.9/site-packages/pygame/docs/generated/_images/camera_average.jpg
./.venv/lib/python3.9/site-packages/pygame/docs/generated/_images/AdvancedInputOutput5.gif
./.venv/lib/python3.9/site-packages/pygame/docs/generated/_images/camera_thresholded.jpg
./.venv/lib/python3.9/site-packages/pygame/docs/generated/_images/intro_blade.jpg
./.venv/lib/python3.9/site-packages/pygame/docs/generated/_images/camera_yuv.jpg
./.venv/lib/python3.9/site-packages/pygame/docs/generated/_images/camera_green.jpg
./.venv/lib/python3.9/site-packages/pygame/docs/generated/_images/draw_module_example.png
./.venv/lib/python3.9/site-packages/pygame/examples/data/animated_sample.gif
./.venv/lib/python3.9/site-packages/pygame/examples/data/city.png
./.venv/lib/python3.9/site-packages/pygame/examples/data/explosion1.gif
./.venv/lib/python3.9/site-packages/pygame/examples/data/alien3.png
./.venv/lib/python3.9/site-packages/pygame/examples/data/alien2.png
./.venv/lib/python3.9/site-packages/pygame/examples/data/alien1.png
./.venv/lib/python3.9/site-packages/pygame/examples/data/alien1.jpg
./.venv/lib/python3.9/site-packages/pygame/examples/data/bomb.gif
./.venv/lib/python3.9/site-packages/pygame/examples/data/laplacian.png
./.venv/lib/python3.9/site-packages/pygame/examples/data/BGR.png
./.venv/lib/python3.9/site-packages/pygame/examples/data/blue.gif
./.venv/lib/python3.9/site-packages/pygame/examples/data/shot.gif
./.venv/lib/python3.9/site-packages/pygame/examples/data/player1.gif
./.venv/lib/python3.9/site-packages/pygame/examples/data/alien3.gif
./.venv/lib/python3.9/site-packages/pygame/examples/data/alien2.gif
./.venv/lib/python3.9/site-packages/pygame/examples/data/red.jpg
./.venv/lib/python3.9/site-packages/pygame/examples/data/brick.png
./.venv/lib/python3.9/site-packages/pygame/examples/data/alien1.gif
./.venv/lib/python3.9/site-packages/pygame/examples/data/background.gif
./.venv/lib/python3.9/site-packages/sklearn/datasets/images/china.jpg
./.venv/lib/python3.9/site-packages/sklearn/datasets/images/flower.jpg
./.venv/lib/python3.9/site-packages/scipy/ndimage/tests/dots.png
find: ./doc: Operation not permitted
./assets/images/bomb.jpg
./assets/images/fruit_peach.jpg
./assets/images/blade_katana.jpg
./assets/images/fruit_strawberry.jpg
./assets/images/fruit_strawberry_slice.jpg
./assets/images/fruit_watermelon_slice.jpg
./assets/images/fruit_mango.jpg
./assets/images/fruit_mango_slice.jpg
./assets/images/fruit_watermelon.jpg
./assets/images/fruit_pineapple_slice.jpg
./assets/images/fruit_orange_slice.jpg
./assets/images/fruit_kiwi.jpg
./assets/images/fruit_orange.jpg
./assets/images/fruit_cherry.jpg
./assets/images/fruit_pineapple.jpg
./assets/images/fruit_cherry_slice.jpg
./assets/images/fruit_peach_slice.jpg
./assets/images/fruit_kiwi_slice.jpg
./assets/backup/images/bomb_cutout.png
./assets/backup/images/bomb.png
./assets/backup/images/fruit_pineapple_slice_cutout.png
./assets/backup/images/fruit_orange_slice_cutout.png
./assets/backup/images/fruit_cherry_slice_cutout.png
./assets/backup/images/test_pixelarray.png
./assets/backup/images/fruit_peach.png
./assets/backup/images/fruit_kiwi_cutout.png
./assets/backup/images/fruit_strawberry.png
./assets/backup/images/blade_katana.png
./assets/backup/images/fruit_kiwi_slice_cutout.png
./assets/backup/images/fruit_strawberry_slice_cutout.png
./assets/backup/images/blade_katana_cutout.png
./assets/backup/images/fruit_watermelon_slice.png
./assets/backup/images/fruit_strawberry_slice.png
./assets/backup/images/test_false.png
./assets/backup/images/fruit_mango_slice_cutout.png
./assets/backup/images/fruit_mango.png
./assets/backup/images/fruit_cherry_cutout.png
./assets/backup/images/fruit_mango_slice.png
./assets/backup/images/fruit_mango_cutout.png
./assets/backup/images/fruit_watermelon.png
./assets/backup/images/fruit_watermelon_slice_cutout.png
./assets/backup/images/fruit_pineapple_slice.png
./assets/backup/images/test_true.png
./assets/backup/images/test_fruit_transparent.png
./assets/backup/images/fruit_strawberry_cutout.png
./assets/backup/images/fruit_orange_slice.png
./assets/backup/images/fruit_kiwi.png
./assets/backup/images/fruit_orange.png
./assets/backup/images/fruit_cherry.png
./assets/backup/images/fruit_peach_slice_cutout.png
./assets/backup/images/fruit_pineapple.png
./assets/backup/images/fruit_kiwi_slice.png
./assets/backup/images/fruit_watermelon_cutout.png
./assets/backup/images/fruit_peach_slice.png
./assets/backup/images/fruit_cherry_slice.png
./assets/backup/images/fruit_peach_cutout.png
./assets/backup/images/fruit_pineapple_cutout.png
./assets/backup/images/fruit_orange_cutout.png
find: ./games: Operation not permitted
